// Jest Snapshot v1, https://goo.gl/fbAQLP

exports[`Orders Snapshot  1`] = `
<h1>
  Orders
</h1>
`;
