// Jest Snapshot v1, https://goo.gl/fbAQLP

exports[`Membership Snapshot  1`] = `
<div
  className="container-fluid"
>
  <div
    className="row"
  >
    <div
      className="col-sm-12"
    >
      <form
        className=""
        onSubmit={[Function]}
      >
        <div
          className="form-group"
        >
          <label
            className=""
            htmlFor="nf-email"
          >
            Text
          </label>
          <input
            className="form-control"
            onBlur={[Function]}
            onChange={[Function]}
            selected={null}
            type="text"
          />
        </div>
        <div
          className="form-group"
        >
          <label
            className=""
            htmlFor="Type"
          >
            Type
          </label>
        </div>
        <button
          className="btn btn-primary"
          onClick={[Function]}
          type="submit"
        >
          Submit
        </button>
      </form>
    </div>
  </div>
</div>
`;
