// Jest Snapshot v1, https://goo.gl/fbAQLP

exports[`Proposals Snapshot  1`] = `
<h1>
  Proposals
</h1>
`;
